Initialized 143 stations with sample data
Testing Prediction for Station: DWLR_001 (Station 1 - Ahmedabad)
--- Forecast Result ---
{
  "stationId": "DWLR_001",
  "forecastHorizon": "30 Days",
  "trendClassification": "Declining",
  "predictedLevelChange": "-1.4 m",
  "riskLevel": "Low Risk",
  "alertTrigger": "No",
  "confidenceScore": "0%",
  "conservationRecommendation": "Suggested Action: Reduce groundwater pumping, Implement artificial recharge structures, Promote rainwater harvesting",
  "predictedTimeSeries": [
    {
      "ts": "2026-02-14T00:00:00.000Z",
      "level": 16.56,
      "type": "predicted"
    },
    {
      "ts": "2026-02-15T00:00:00.000Z",
      "level": 16.55,
      "type": "predicted"
    },
    {
      "ts": "2026-02-16T00:00:00.000Z",
      "level": 16.55,
      "type": "predicted"
    },
    {
      "ts": "2026-02-17T00:00:00.000Z",
      "level": 16.55,
      "type": "predicted"
    },
    {
      "ts": "2026-02-18T00:00:00.000Z",
      "level": 16.55,
      "type": "predicted"
    },
    {
      "ts": "2026-02-19T00:00:00.000Z",
      "level": 16.54,
      "type": "predicted"
    },
    {
      "ts": "2026-02-20T00:00:00.000Z",
      "level": 16.54,
      "type": "predicted"
    },
    {
      "ts": "2026-02-21T00:00:00.000Z",
      "level": 16.54,
      "type": "predicted"
    },
    {
      "ts": "2026-02-22T00:00:00.000Z",
      "level": 16.53,
      "type": "predicted"
    },
    {
      "ts": "2026-02-23T00:00:00.000Z",
      "level": 16.53,
      "type": "predicted"
    },
    {
      "ts": "2026-02-24T00:00:00.000Z",
      "level": 16.53,
      "type": "predicted"
    },
    {
      "ts": "2026-02-25T00:00:00.000Z",
      "level": 16.53,
      "type": "predicted"
    },
    {
      "ts": "2026-02-26T00:00:00.000Z",
      "level": 16.52,
      "type": "predicted"
    },
    {
      "ts": "2026-02-27T00:00:00.000Z",
      "level": 16.52,
      "type": "predicted"
    },
    {
      "ts": "2026-02-28T00:00:00.000Z",
      "level": 16.52,
      "type": "predicted"
    },
    {
      "ts": "2026-03-01T00:00:00.000Z",
      "level": 16.51,
      "type": "predicted"
    },
    {
      "ts": "2026-03-02T00:00:00.000Z",
      "level": 16.51,
      "type": "predicted"
    },
    {
      "ts": "2026-03-03T00:00:00.000Z",
      "level": 16.51,
      "type": "predicted"
    },
    {
      "ts": "2026-03-04T00:00:00.000Z",
      "level": 16.5,
      "type": "predicted"
    },
    {
      "ts": "2026-03-05T00:00:00.000Z",
      "level": 16.5,
      "type": "predicted"
    },
    {
      "ts": "2026-03-06T00:00:00.000Z",
      "level": 16.5,
      "type": "predicted"
    },
    {
      "ts": "2026-03-07T00:00:00.000Z",
      "level": 16.5,
      "type": "predicted"
    },
    {
      "ts": "2026-03-08T00:00:00.000Z",
      "level": 16.49,
      "type": "predicted"
    },
    {
      "ts": "2026-03-09T00:00:00.000Z",
      "level": 16.49,
      "type": "predicted"
    },
    {
      "ts": "2026-03-10T00:00:00.000Z",
      "level": 16.49,
      "type": "predicted"
    },
    {
      "ts": "2026-03-11T00:00:00.000Z",
      "level": 16.48,
      "type": "predicted"
    },
    {
      "ts": "2026-03-12T00:00:00.000Z",
      "level": 16.48,
      "type": "predicted"
    },
    {
      "ts": "2026-03-13T00:00:00.000Z",
      "level": 16.48,
      "type": "predicted"
    },
    {
      "ts": "2026-03-14T00:00:00.000Z",
      "level": 16.48,
      "type": "predicted"
    },
    {
      "ts": "2026-03-15T00:00:00.000Z",
      "level": 16.47,
      "type": "predicted"
    }
  ],
  "systemNote": "Forecast Data ΓÇö Experimental Overlay"
}
PASSED: Forecast structure seems correct.

--- Simulation Scenario: Increased Pumping ---
{
  "stationId": "DWLR_001",
  "forecastHorizon": "30 Days",
  "trendClassification": "Declining",
  "predictedLevelChange": "-1.4 m",
  "riskLevel": "Low Risk",
  "alertTrigger": "No",
  "confidenceScore": "0%",
  "conservationRecommendation": "Suggested Action: Reduce groundwater pumping, Implement artificial recharge structures, Promote rainwater harvesting",
  "predictedTimeSeries": [
    {
      "ts": "2026-02-14T00:00:00.000Z",
      "level": 15.73,
      "type": "predicted"
    },
    {
      "ts": "2026-02-15T00:00:00.000Z",
      "level": 15.72,
      "type": "predicted"
    },
    {
      "ts": "2026-02-16T00:00:00.000Z",
      "level": 15.72,
      "type": "predicted"
    },
    {
      "ts": "2026-02-17T00:00:00.000Z",
      "level": 15.72,
      "type": "predicted"
    },
    {
      "ts": "2026-02-18T00:00:00.000Z",
      "level": 15.72,
      "type": "predicted"
    },
    {
      "ts": "2026-02-19T00:00:00.000Z",
      "level": 15.71,
      "type": "predicted"
    },
    {
      "ts": "2026-02-20T00:00:00.000Z",
      "level": 15.71,
      "type": "predicted"
    },
    {
      "ts": "2026-02-21T00:00:00.000Z",
      "level": 15.71,
      "type": "predicted"
    },
    {
      "ts": "2026-02-22T00:00:00.000Z",
      "level": 15.7,
      "type": "predicted"
    },
    {
      "ts": "2026-02-23T00:00:00.000Z",
      "level": 15.7,
      "type": "predicted"
    },
    {
      "ts": "2026-02-24T00:00:00.000Z",
      "level": 15.7,
      "type": "predicted"
    },
    {
      "ts": "2026-02-25T00:00:00.000Z",
      "level": 15.7,
      "type": "predicted"
    },
    {
      "ts": "2026-02-26T00:00:00.000Z",
      "level": 15.69,
      "type": "predicted"
    },
    {
      "ts": "2026-02-27T00:00:00.000Z",
      "level": 15.69,
      "type": "predicted"
    },
    {
      "ts": "2026-02-28T00:00:00.000Z",
      "level": 15.69,
      "type": "predicted"
    },
    {
      "ts": "2026-03-01T00:00:00.000Z",
      "level": 15.68,
      "type": "predicted"
    },
    {
      "ts": "2026-03-02T00:00:00.000Z",
      "level": 15.68,
      "type": "predicted"
    },
    {
      "ts": "2026-03-03T00:00:00.000Z",
      "level": 15.68,
      "type": "predicted"
    },
    {
      "ts": "2026-03-04T00:00:00.000Z",
      "level": 15.67,
      "type": "predicted"
    },
    {
      "ts": "2026-03-05T00:00:00.000Z",
      "level": 15.67,
      "type": "predicted"
    },
    {
      "ts": "2026-03-06T00:00:00.000Z",
      "level": 15.67,
      "type": "predicted"
    },
    {
      "ts": "2026-03-07T00:00:00.000Z",
      "level": 15.67,
      "type": "predicted"
    },
    {
      "ts": "2026-03-08T00:00:00.000Z",
      "level": 15.67,
      "type": "predicted"
    },
    {
      "ts": "2026-03-09T00:00:00.000Z",
      "level": 15.67,
      "type": "predicted"
    },
    {
      "ts": "2026-03-10T00:00:00.000Z",
      "level": 15.67,
      "type": "predicted"
    },
    {
      "ts": "2026-03-11T00:00:00.000Z",
      "level": 15.66,
      "type": "predicted"
    },
    {
      "ts": "2026-03-12T00:00:00.000Z",
      "level": 15.66,
      "type": "predicted"
    },
    {
      "ts": "2026-03-13T00:00:00.000Z",
      "level": 15.66,
      "type": "predicted"
    },
    {
      "ts": "2026-03-14T00:00:00.000Z",
      "level": 15.66,
      "type": "predicted"
    },
    {
      "ts": "2026-03-15T00:00:00.000Z",
      "level": 15.65,
      "type": "predicted"
    }
  ],
  "systemNote": "Forecast Data ΓÇö Experimental Overlay | Scenario: Increased Pumping Rate"
}
